// Jest Snapshot v1, https://goo.gl/fbAQLP

exports[`renders homepage unchanged 1`] = `
<div>
  <script
    id="chakra-script"
  >
    !(function(){try{var a=function(c){var v="(prefers-color-scheme: dark)",h=window.matchMedia(v).matches?"dark":"light",r=c==="system"?h:c,o=document.documentElement,s=document.body,l="chakra-ui-light",d="chakra-ui-dark",i=r==="dark";return s.classList.add(i?d:l),s.classList.remove(i?l:d),o.style.colorScheme=r,o.dataset.theme=r,r},n=a,m="system",e="chakra-ui-color-mode",t=localStorage.getItem(e);t?a(t):localStorage.setItem(e,a(m))}catch(a){}})();
  </script>
  <div
    class="css-0"
  >
    <div
      class="css-qdv6cs"
      style="height: 110px; box-shadow: 0 4px 6px -1px rgba(0, 0, 0, 0), 0 2px 4px -1px rgba(0, 0, 0, 0);"
    >
      <div
        class="chakra-container css-lv4due"
      >
        <div>
          <div
            class="css-70qvj9"
          >
            <button
              aria-label="menu"
              class="chakra-button css-vm9dlr"
              type="button"
            >
              <svg
                aria-hidden="true"
                class="chakra-icon css-onkibi"
                focusable="false"
                viewBox="0 0 24 24"
              >
                <path
                  d="M 3 5 A 1.0001 1.0001 0 1 0 3 7 L 21 7 A 1.0001 1.0001 0 1 0 21 5 L 3 5 z M 3 11 A 1.0001 1.0001 0 1 0 3 13 L 21 13 A 1.0001 1.0001 0 1 0 21 11 L 3 11 z M 3 17 A 1.0001 1.0001 0 1 0 3 19 L 21 19 A 1.0001 1.0001 0 1 0 21 17 L 3 17 z"
                  fill="currentColor"
                />
              </svg>
            </button>
            <div
              class="css-1rr4qq7"
            >
              <h6
                class="chakra-heading css-v5bq0a"
                style="transform: translateY(46px) scale(1.3) translateZ(0);"
              >
                PokeVault
              </h6>
            </div>
            <button
              aria-label="menu"
              class="chakra-button css-vm9dlr"
              type="button"
            >
              <svg
                aria-hidden="true"
                class="chakra-icon css-onkibi"
                focusable="false"
                viewBox="0 0 24 24"
              >
                <path
                  d="M23.384,21.619,16.855,15.09a9.284,9.284,0,1,0-1.768,1.768l6.529,6.529a1.266,1.266,0,0,0,1.768,0A1.251,1.251,0,0,0,23.384,21.619ZM2.75,9.5a6.75,6.75,0,1,1,6.75,6.75A6.758,6.758,0,0,1,2.75,9.5Z"
                  fill="currentColor"
                />
              </svg>
            </button>
          </div>
        </div>
      </div>
    </div>
    <div
      class="chakra-container css-vhc7ah"
      style="padding-top: 110px;"
    >
      <div
        class="infinite-scroll-component__outerdiv"
      >
        <div
          class="infinite-scroll-component "
          style="height: auto; overflow: auto;"
        >
          <div
            class="css-1hisz16"
          />
          <div
            class="css-1hisz16"
          >
            <a
              class="chakra-link chakra-card css-19lsh19"
              href="/pokemons/undefined"
            >
              <div
                class="chakra-card__body css-1idwstw"
              >
                <div
                  class="chakra-skeleton__group css-1d595ex"
                >
                  <div
                    class="chakra-skeleton css-1ysakuj"
                  />
                </div>
                <div
                  class="css-10iu0sy"
                >
                  <div
                    class="chakra-skeleton css-ykur7l"
                  />
                </div>
                <div
                  class="css-fyhvt3"
                >
                  <div
                    class="chakra-stack css-m3jj3s"
                  >
                    <div
                      class="chakra-skeleton__group css-cvrs1r"
                    >
                      <div
                        class="chakra-skeleton css-1ysakuj"
                      />
                    </div>
                    <div
                      class="chakra-skeleton__group css-cvrs1r"
                    >
                      <div
                        class="chakra-skeleton css-1ysakuj"
                      />
                    </div>
                  </div>
                </div>
              </div>
            </a>
            <a
              class="chakra-link chakra-card css-19lsh19"
              href="/pokemons/undefined"
            >
              <div
                class="chakra-card__body css-1idwstw"
              >
                <div
                  class="chakra-skeleton__group css-1d595ex"
                >
                  <div
                    class="chakra-skeleton css-1ysakuj"
                  />
                </div>
                <div
                  class="css-10iu0sy"
                >
                  <div
                    class="chakra-skeleton css-ykur7l"
                  />
                </div>
                <div
                  class="css-fyhvt3"
                >
                  <div
                    class="chakra-stack css-m3jj3s"
                  >
                    <div
                      class="chakra-skeleton__group css-cvrs1r"
                    >
                      <div
                        class="chakra-skeleton css-1ysakuj"
                      />
                    </div>
                    <div
                      class="chakra-skeleton__group css-cvrs1r"
                    >
                      <div
                        class="chakra-skeleton css-1ysakuj"
                      />
                    </div>
                  </div>
                </div>
              </div>
            </a>
            <a
              class="chakra-link chakra-card css-19lsh19"
              href="/pokemons/undefined"
            >
              <div
                class="chakra-card__body css-1idwstw"
              >
                <div
                  class="chakra-skeleton__group css-1d595ex"
                >
                  <div
                    class="chakra-skeleton css-1ysakuj"
                  />
                </div>
                <div
                  class="css-10iu0sy"
                >
                  <div
                    class="chakra-skeleton css-ykur7l"
                  />
                </div>
                <div
                  class="css-fyhvt3"
                >
                  <div
                    class="chakra-stack css-m3jj3s"
                  >
                    <div
                      class="chakra-skeleton__group css-cvrs1r"
                    >
                      <div
                        class="chakra-skeleton css-1ysakuj"
                      />
                    </div>
                    <div
                      class="chakra-skeleton__group css-cvrs1r"
                    >
                      <div
                        class="chakra-skeleton css-1ysakuj"
                      />
                    </div>
                  </div>
                </div>
              </div>
            </a>
            <a
              class="chakra-link chakra-card css-19lsh19"
              href="/pokemons/undefined"
            >
              <div
                class="chakra-card__body css-1idwstw"
              >
                <div
                  class="chakra-skeleton__group css-1d595ex"
                >
                  <div
                    class="chakra-skeleton css-1ysakuj"
                  />
                </div>
                <div
                  class="css-10iu0sy"
                >
                  <div
                    class="chakra-skeleton css-ykur7l"
                  />
                </div>
                <div
                  class="css-fyhvt3"
                >
                  <div
                    class="chakra-stack css-m3jj3s"
                  >
                    <div
                      class="chakra-skeleton__group css-cvrs1r"
                    >
                      <div
                        class="chakra-skeleton css-1ysakuj"
                      />
                    </div>
                    <div
                      class="chakra-skeleton__group css-cvrs1r"
                    >
                      <div
                        class="chakra-skeleton css-1ysakuj"
                      />
                    </div>
                  </div>
                </div>
              </div>
            </a>
            <a
              class="chakra-link chakra-card css-19lsh19"
              href="/pokemons/undefined"
            >
              <div
                class="chakra-card__body css-1idwstw"
              >
                <div
                  class="chakra-skeleton__group css-1d595ex"
                >
                  <div
                    class="chakra-skeleton css-1ysakuj"
                  />
                </div>
                <div
                  class="css-10iu0sy"
                >
                  <div
                    class="chakra-skeleton css-ykur7l"
                  />
                </div>
                <div
                  class="css-fyhvt3"
                >
                  <div
                    class="chakra-stack css-m3jj3s"
                  >
                    <div
                      class="chakra-skeleton__group css-cvrs1r"
                    >
                      <div
                        class="chakra-skeleton css-1ysakuj"
                      />
                    </div>
                    <div
                      class="chakra-skeleton__group css-cvrs1r"
                    >
                      <div
                        class="chakra-skeleton css-1ysakuj"
                      />
                    </div>
                  </div>
                </div>
              </div>
            </a>
            <a
              class="chakra-link chakra-card css-19lsh19"
              href="/pokemons/undefined"
            >
              <div
                class="chakra-card__body css-1idwstw"
              >
                <div
                  class="chakra-skeleton__group css-1d595ex"
                >
                  <div
                    class="chakra-skeleton css-1ysakuj"
                  />
                </div>
                <div
                  class="css-10iu0sy"
                >
                  <div
                    class="chakra-skeleton css-ykur7l"
                  />
                </div>
                <div
                  class="css-fyhvt3"
                >
                  <div
                    class="chakra-stack css-m3jj3s"
                  >
                    <div
                      class="chakra-skeleton__group css-cvrs1r"
                    >
                      <div
                        class="chakra-skeleton css-1ysakuj"
                      />
                    </div>
                    <div
                      class="chakra-skeleton__group css-cvrs1r"
                    >
                      <div
                        class="chakra-skeleton css-1ysakuj"
                      />
                    </div>
                  </div>
                </div>
              </div>
            </a>
            <a
              class="chakra-link chakra-card css-19lsh19"
              href="/pokemons/undefined"
            >
              <div
                class="chakra-card__body css-1idwstw"
              >
                <div
                  class="chakra-skeleton__group css-1d595ex"
                >
                  <div
                    class="chakra-skeleton css-1ysakuj"
                  />
                </div>
                <div
                  class="css-10iu0sy"
                >
                  <div
                    class="chakra-skeleton css-ykur7l"
                  />
                </div>
                <div
                  class="css-fyhvt3"
                >
                  <div
                    class="chakra-stack css-m3jj3s"
                  >
                    <div
                      class="chakra-skeleton__group css-cvrs1r"
                    >
                      <div
                        class="chakra-skeleton css-1ysakuj"
                      />
                    </div>
                    <div
                      class="chakra-skeleton__group css-cvrs1r"
                    >
                      <div
                        class="chakra-skeleton css-1ysakuj"
                      />
                    </div>
                  </div>
                </div>
              </div>
            </a>
            <a
              class="chakra-link chakra-card css-19lsh19"
              href="/pokemons/undefined"
            >
              <div
                class="chakra-card__body css-1idwstw"
              >
                <div
                  class="chakra-skeleton__group css-1d595ex"
                >
                  <div
                    class="chakra-skeleton css-1ysakuj"
                  />
                </div>
                <div
                  class="css-10iu0sy"
                >
                  <div
                    class="chakra-skeleton css-ykur7l"
                  />
                </div>
                <div
                  class="css-fyhvt3"
                >
                  <div
                    class="chakra-stack css-m3jj3s"
                  >
                    <div
                      class="chakra-skeleton__group css-cvrs1r"
                    >
                      <div
                        class="chakra-skeleton css-1ysakuj"
                      />
                    </div>
                    <div
                      class="chakra-skeleton__group css-cvrs1r"
                    >
                      <div
                        class="chakra-skeleton css-1ysakuj"
                      />
                    </div>
                  </div>
                </div>
              </div>
            </a>
            <a
              class="chakra-link chakra-card css-19lsh19"
              href="/pokemons/undefined"
            >
              <div
                class="chakra-card__body css-1idwstw"
              >
                <div
                  class="chakra-skeleton__group css-1d595ex"
                >
                  <div
                    class="chakra-skeleton css-1ysakuj"
                  />
                </div>
                <div
                  class="css-10iu0sy"
                >
                  <div
                    class="chakra-skeleton css-ykur7l"
                  />
                </div>
                <div
                  class="css-fyhvt3"
                >
                  <div
                    class="chakra-stack css-m3jj3s"
                  >
                    <div
                      class="chakra-skeleton__group css-cvrs1r"
                    >
                      <div
                        class="chakra-skeleton css-1ysakuj"
                      />
                    </div>
                    <div
                      class="chakra-skeleton__group css-cvrs1r"
                    >
                      <div
                        class="chakra-skeleton css-1ysakuj"
                      />
                    </div>
                  </div>
                </div>
              </div>
            </a>
            <a
              class="chakra-link chakra-card css-19lsh19"
              href="/pokemons/undefined"
            >
              <div
                class="chakra-card__body css-1idwstw"
              >
                <div
                  class="chakra-skeleton__group css-1d595ex"
                >
                  <div
                    class="chakra-skeleton css-1ysakuj"
                  />
                </div>
                <div
                  class="css-10iu0sy"
                >
                  <div
                    class="chakra-skeleton css-ykur7l"
                  />
                </div>
                <div
                  class="css-fyhvt3"
                >
                  <div
                    class="chakra-stack css-m3jj3s"
                  >
                    <div
                      class="chakra-skeleton__group css-cvrs1r"
                    >
                      <div
                        class="chakra-skeleton css-1ysakuj"
                      />
                    </div>
                    <div
                      class="chakra-skeleton__group css-cvrs1r"
                    >
                      <div
                        class="chakra-skeleton css-1ysakuj"
                      />
                    </div>
                  </div>
                </div>
              </div>
            </a>
          </div>
        </div>
      </div>
    </div>
  </div>
  <span
    hidden=""
    id="__chakra_env"
  />
</div>
`;
